
> saad-al-deen-storefront@2026.4.2 build
> shopify hydrogen build --codegen

[36mvite v8.0.10 [32mbuilding client environment for production...[36m[39m
[2K
transforming...Γ£ô 222 modules transformed.
rendering chunks...
node.exe : [31mΓ£ù[39m Build failed in 1.05s
At C:\Program Files\nodejs\npm.ps1:29 char:3
+   & $NODE_EXE $NPM_CLI_JS $args
+   ~~~~~~~~~~~~~~~~~~~~~~~~~~~~~
    + CategoryInfo          : NotSpecified: ([31mΓ£ù[39m Build failed in 1.05s:String) [], RemoteException
    + FullyQualifiedErrorId : NativeCommandError
 
Γò¡ΓöÇ error ΓöÇΓöÇΓöÇΓöÇΓöÇΓöÇΓöÇΓöÇΓöÇΓöÇΓöÇΓöÇΓöÇΓöÇΓöÇΓöÇΓöÇΓöÇΓöÇΓöÇΓöÇΓöÇΓöÇΓöÇΓöÇΓöÇΓöÇΓöÇΓöÇΓöÇΓöÇΓöÇΓöÇΓöÇΓöÇΓ
öÇΓöÇΓöÇΓöÇΓöÇΓöÇΓöÇΓöÇΓöÇΓöÇΓöÇΓöÇΓöÇΓöÇΓöÇΓöÇΓöÇΓöÇΓöÇΓöÇΓöÇΓöÇΓöÇΓöÇΓöÇΓöÇΓöÇΓöÇΓöÇΓöÇΓöÇΓöÇΓöÇΓöÇΓöÇΓò«
Γöé                                                                              Γöé
Γöé  Build failed with 1 error:                                                  Γöé
Γöé                                                                              Γöé
Γöé  [plugin vite:css-post]                                                      Γöé
Γöé  SyntaxError: [lightningcss minify] Unexpected end of input                  Γöé
Γöé      at Module.<anonymous> (C:\Users\ASUS\Desktop\saadaldeen-hydrogen\saad-  Γöé
Γöé  al-deen-storefront\node_modules\lightningcss\node\index.js:56:14)           Γöé
Γöé      at minifyCSS (file:///C:/Users/ASUS/Desktop/saadaldeen-hydrogen/saad-a  Γöé
Γöé  l-deen-storefront/node_modules/vite/dist/node/chunks/node.js:21304:59)      Γöé
Γöé      at finalizeCss (file:///C:/Users/ASUS/Desktop/saadaldeen-hydrogen/saad  Γöé
Γöé  -al-deen-storefront/node_modules/vite/dist/node/chunks/node.js:21149:36)    Γöé
Γöé      at file:///C:/Users/ASUS/Desktop/saadaldeen-hydrogen/saad-al-deen-stor  Γöé
Γöé  efront/node_modules/vite/dist/node/chunks/node.js:20657:21                  Γöé
Γöé      at async Promise.all (index 1)                                          Γöé
Γöé      at async Promise.all (index 1)                                          Γöé
Γöé                                                                              Γöé
Γöé  To investigate the issue, examine this stack trace:                         Γöé
Γöé    at <anonymous> (lightningcss/node/index.js:56)                            Γöé
Γöé    at minifyCSS (Users/ASUS/Desktop/saadaldeen-hydrogen/saad-al-deen-storef  Γöé
Γöé    ront/node_modules/vite/dist/node/chunks/node.js:21304)                    Γöé
Γöé    at finalizeCss (Users/ASUS/Desktop/saadaldeen-hydrogen/saad-al-deen-stor  Γöé
Γöé    efront/node_modules/vite/dist/node/chunks/node.js:21149)                  Γöé
Γöé    at (Users/ASUS/Desktop/saadaldeen-hydrogen/saad-al-deen-storefront/node_  Γöé
Γöé    modules/vite/dist/node/chunks/node.js:20657)                              Γöé
Γöé    at all                                                                    Γöé
Γöé    at all                                                                    Γöé
Γöé    at aggregateBindingErrorsIntoJsError                                      Γöé
Γöé    (Users/ASUS/Desktop/saadaldeen-hydrogen/saad-al-deen-storefront/node_mod  Γöé
Γöé    ules/rolldown/dist/shared/error-DL-e8-oE.mjs:48)                          Γöé
Γöé    at unwrapBindingResult (Users/ASUS/Desktop/saadaldeen-hydrogen/saad-al-d  Γöé
Γöé    een-storefront/node_modules/rolldown/dist/shared/error-DL-e8-oE.mjs:18)   Γöé
Γöé    at #build (Users/ASUS/Desktop/saadaldeen-hydrogen/saad-al-deen-storefron  Γöé
Γöé    t/node_modules/rolldown/dist/shared/rolldown-build-DSxL8qiP.mjs:3317)     Γöé
Γöé    at buildEnvironment (Users/ASUS/Desktop/saadaldeen-hydrogen/saad-al-deen  Γöé
Γöé    -storefront/node_modules/vite/dist/node/chunks/node.js:33018)             Γöé
Γöé    at build (Users/ASUS/Desktop/saadaldeen-hydrogen/saad-al-deen-storefront  Γöé
Γöé    /node_modules/vite/dist/node/chunks/node.js:33440)                        Γöé
Γöé    at pR (Users/ASUS/Desktop/saadaldeen-hydrogen/saad-al-deen-storefront/no  Γöé
Γöé    de_modules/@shopify/cli/dist/index.js:2930)                               Γöé
Γöé    at run (Users/ASUS/Desktop/saadaldeen-hydrogen/saad-al-deen-storefront/n  Γöé
Γöé    ode_modules/@shopify/cli/dist/index.js:2930)                              Γöé
Γöé    at _run (Users/ASUS/Desktop/saadaldeen-hydrogen/saad-al-deen-storefront/  Γöé
Γöé    node_modules/@shopify/cli/dist/chunk-XVFYDYZA.js:581)                     Γöé
Γöé    at runCommand (Users/ASUS/Desktop/saadaldeen-hydrogen/saad-al-deen-store  Γöé
Γöé    front/node_modules/@shopify/cli/dist/chunk-XVFYDYZA.js:567)               Γöé
Γöé    at YIt (Users/ASUS/Desktop/saadaldeen-hydrogen/saad-al-deen-storefront/n  Γöé
Γöé    ode_modules/@shopify/cli/dist/chunk-XVFYDYZA.js:581)                      Γöé
Γöé                                                                              Γöé
Γò░ΓöÇΓöÇΓöÇΓöÇΓöÇΓöÇΓöÇΓöÇΓöÇΓöÇΓöÇΓöÇΓöÇΓöÇΓöÇΓöÇΓöÇΓöÇΓöÇΓöÇΓöÇΓöÇΓöÇΓöÇΓöÇΓöÇΓöÇΓöÇΓöÇΓöÇΓöÇΓöÇΓöÇΓöÇΓöÇΓöÇΓöÇΓöÇΓö
ÇΓöÇΓöÇΓöÇΓöÇΓöÇΓöÇΓöÇΓöÇΓöÇΓöÇΓöÇΓöÇΓöÇΓöÇΓöÇΓöÇΓöÇΓöÇΓöÇΓöÇΓöÇΓöÇΓöÇΓöÇΓöÇΓöÇΓöÇΓöÇΓöÇΓöÇΓöÇΓöÇΓöÇΓöÇΓöÇΓöÇΓöÇΓöÇΓöÇΓ
ò»

