
> saad-al-deen-storefront@2026.4.2 build
> shopify hydrogen build --codegen

[36mvite v8.0.10 [32mbuilding client environment for production...[36m[39m
[2K
transforming...Γ£ô 222 modules transformed.
node.exe : Error: Build failed with 1 error:
At C:\Program Files\nodejs\npm.ps1:29 char:3
+   & $NODE_EXE $NPM_CLI_JS $args
+   ~~~~~~~~~~~~~~~~~~~~~~~~~~~~~
    + CategoryInfo          : NotSpecified: (Error: Build failed with 1 error::String) [], RemoteException
    + FullyQualifiedErrorId : NativeCommandError
 

[plugin react-router:dot-server]
Error: [31mServer-only module referenced by client[39m

    '~/lib/notification_templates.server' imported by route 'app/routes/($locale).account.test-notifications.tsx'

  React Router automatically removes server-code from these exports:
    `loader`, `action`, `middleware`, `headers`

  But other route exports in 'app/routes/($locale).account.test-notifications.tsx' depend on 
'~/lib/notification_templates.server'.

  See https://reactrouter.com/explanation/code-splitting#removal-of-server-code
    at PluginContextImpl.resolveId 
(C:\Users\ASUS\Desktop\saadaldeen-hydrogen\saad-al-deen-storefront\node_modules\@react-router\dev\dist\vite.js:4224:17)
    at plugin (file:///C:/Users/ASUS/Desktop/saadaldeen-hydrogen/saad-al-deen-storefront/node_modules/rolldown/dist/sha
red/bindingify-input-options-DbbBhzky.mjs:1079:16)
    at plugin.<computed> (file:///C:/Users/ASUS/Desktop/saadaldeen-hydrogen/saad-al-deen-storefront/node_modules/rolldo
wn/dist/shared/bindingify-input-options-DbbBhzky.mjs:1612:12)
    at aggregateBindingErrorsIntoJsError (file:///C:/Users/ASUS/Desktop/saadaldeen-hydrogen/saad-al-deen-storefront/nod
e_modules/rolldown/dist/shared/error-DL-e8-oE.mjs:48:18)
    at plugin (file:///C:/Users/ASUS/Desktop/saadaldeen-hydrogen/saad-al-deen-storefront/node_modules/rolldown/dist/sha
red/bindingify-input-options-DbbBhzky.mjs:1067:61)
    at plugin.<computed> (file:///C:/Users/ASUS/Desktop/saadaldeen-hydrogen/saad-al-deen-storefront/node_modules/rolldo
wn/dist/shared/bindingify-input-options-DbbBhzky.mjs:1612:18)
